2026/02/09 18:04:53 D-Bus 通知监听器已启动
2026/02/09 18:04:53 按 Ctrl+C 退出
2026/02/09 18:04:53 开始监听 D-Bus 通道消息...
2026/02/09 18:04:53 消息信息: 4
2026/02/09 18:04:53 非Notify方法调用，忽略
2026/02/09 18:07:10 消息信息: 1

============================================================
📱 应用名称: Feishu
🔔 标题: wei (张伟)
📝 内容: https://z9yun.pingcode.com/pjm/workitems/W1CsVPIK? #Z9YUN-OPMS-479 【线上工单】【项目服务】项目服务产品，无法批量操作移除
🖼️  图标: /home/dralee/.config/LarkShell/sdk_storage/14fe83f24e8bf3fefc6c44b3cba34fac/resources/avatars/62b2302817424fa031d71b57d6011852/62b2302817424fa031d71b57d6011852_hd.jpg
💡 提示信息:
   suppress-sound: true
   urgency: 1
⚡ 操作数量: 1
============================================================
2026/02/09 18:07:10 ======= handle locker message =======
&{Feishu 0 /home/dralee/.config/LarkShell/sdk_storage/14fe83f24e8bf3fefc6c44b3cba34fac/resources/avatars/62b2302817424fa031d71b57d6011852/62b2302817424fa031d71b57d6011852_hd.jpg wei (张伟) https://z9yun.pingcode.com/pjm/workitems/W1CsVPIK? #Z9YUN-OPMS-479 【线上工单】【项目服务】项目服务产品，无法批量操作移除 [default Activate] map[suppress-sound:true urgency:@u 1] -1}
2026/02/09 18:07:15 消息信息: 4
2026/02/09 18:07:15 非Notify方法调用，忽略
